Servicio de Airtable inicializado correctamente.
Servicio de Airtable inicializado correctamente.
Testing for email: dmeider@peoplepc.com
Querying with formula: {Email} = 'dmeider@peoplepc.com'

--- Record Details ---
ID: rec2czUQZatUsOh3C
Email: dmeider@peoplepc.com
Tags (raw): ['Tag #4 BC, Apple_Accounts USA']

--- Exclusion Check ---
